Welcome to iximiuz Labs' Ubuntu Playground! üöÄ

This is a refined Ubuntu VM, curated with tools for efficient learning and hands-on experimenting:

- vim, fzf, ripgrep: Command-line file editing and searching.
- jq, fx: Powerful JSON viewers and processors.
- curl, socat, websocat: A comprehensive networking toolkit.
- arkade: An efficient installer for additional tools you might require.

Additional services at your disposal:

* code-server: Access a web-based VSCode IDE
* port publishing: Showcase your app with its own public URL
* terminal sharing: Collaborate seamlessly by sharing your terminal session
* registry.iximiuz.com: A private hub to push and pull container images.

Note: Playground VMs are ephemeral and short-lived ‚Äî terminating a VM purges all data, including image
Please, do not use playgrounds for processing critical or sensitive information.

If you value this experience, please consider supporting the platform at https://patreon.com/iximiuz üñ§


root@ubuntu-01:~# $ sudo adduser nemecseke
-bash: $: command not found
root@ubuntu-01:~# sudo adduser nemecseke
Adding user `nemecseke' ...
Adding new group `nemecseke' (1000) ...
Adding new user `nemecseke' (1000) with group `nemecseke' ...
Creating home directory `/home/nemecseke' ...
Copying files from `/etc/skel' ...
New password: 
Retype new password: 
passwd: password updated successfully
Changing the user information for nemecseke
Enter the new value, or press ENTER for the default
        Full Name []: Nemecsek Ern≈ë
        Room Number []: 
        Work Phone []: 
        Home Phone []: 
        Other []: 
chfn: name with non-ASCII characters: 'Nemecsek Ern≈ë'
Is the information correct? [Y/n] y
root@ubuntu-01:~# sudo passwd nemecseke
New password: 
Retype new password: 
Sorry, passwords do not match.
passwd: Authentication token manipulation error
passwd: password unchanged
root@ubuntu-01:~# sudo passwd nemecseke
New password: 
Retype new password: 
passwd: password updated successfully
root@ubuntu-01:~# sudo groupadd teszteles
root@ubuntu-01:~# sudo adduser nemecseke fejlesztes
adduser: The group `fejlesztes' does not exist.
root@ubuntu-01:~# sudo groupadd fejlesztes
root@ubuntu-01:~# sudo adduser nemecseke fejlesztes
Adding user `nemecseke' to group `fejlesztes' ...
Adding user nemecseke to group fejlesztes
Done.
root@ubuntu-01:~# sudo adduser mate
Adding user `mate' ...
Adding new group `mate' (1003) ...
Adding new user `mate' (1001) with group `mate' ...
Creating home directory `/home/mate' ...
Copying files from `/etc/skel' ...
New password: 
Retype new password: 
passwd: password updated successfully
Changing the user information for mate
Enter the new value, or press ENTER for the default
        Full Name []: Jakus M√°t√©
        Room Number []: 
        Work Phone []: 
        Home Phone []: 
        Other []: 
chfn: name with non-ASCII characters: 'Jakus M√°t√©'
Is the information correct? [Y/n] y
root@ubuntu-01:~# sudo adduser mate teszteles
Adding user `mate' to group `teszteles' ...
Adding user mate to group teszteles
Done.
root@ubuntu-01:~# groups mate
mate : mate teszteles
root@ubuntu-01:~# groups root
root : root
root@ubuntu-01:~# sudo groups nemecseke
nemecseke : nemecseke fejlesztes
root@ubuntu-01:~# su nemecseke
nemecseke@ubuntu-01:/root$ cat/etc/passwd
bash: cat/etc/passwd: Permission denied
nemecseke@ubuntu-01:/root$ getent passwd
root:x:0:0:root:/root:/bin/bash
daemon:x:1:1:daemon:/usr/sbin:/usr/sbin/nologin
bin:x:2:2:bin:/bin:/usr/sbin/nologin
sys:x:3:3:sys:/dev:/usr/sbin/nologin
sync:x:4:65534:sync:/bin:/bin/sync
games:x:5:60:games:/usr/games:/usr/sbin/nologin
man:x:6:12:man:/var/cache/man:/usr/sbin/nologin
lp:x:7:7:lp:/var/spool/lpd:/usr/sbin/nologin
mail:x:8:8:mail:/var/mail:/usr/sbin/nologin
news:x:9:9:news:/var/spool/news:/usr/sbin/nologin
uucp:x:10:10:uucp:/var/spool/uucp:/usr/sbin/nologin
proxy:x:13:13:proxy:/bin:/usr/sbin/nologin
www-data:x:33:33:www-data:/var/www:/usr/sbin/nologin
backup:x:34:34:backup:/var/backups:/usr/sbin/nologin
list:x:38:38:Mailing List Manager:/var/list:/usr/sbin/nologin
irc:x:39:39:ircd:/run/ircd:/usr/sbin/nologin
gnats:x:41:41:Gnats Bug-Reporting System (admin):/var/lib/gnats:/usr/sbin/nologin
nobody:x:65534:65534:nobody:/nonexistent:/usr/sbin/nologin
_apt:x:100:65534::/nonexistent:/usr/sbin/nologin
messagebus:x:101:101::/nonexistent:/usr/sbin/nologin
systemd-network:x:102:108:systemd Network Management,,,:/run/systemd:/usr/sbin/nologin
systemd-resolve:x:103:109:systemd Resolver,,,:/run/systemd:/usr/sbin/nologin
systemd-timesync:x:104:110:systemd Time Synchronization,,,:/run/systemd:/usr/sbin/nologin
sshd:x:105:65534::/run/sshd:/usr/sbin/nologin
nemecseke:x:1000:1000:Nemecsek Ern≈ë,,,:/home/nemecseke:/bin/bash
mate:x:1001:1003:Jakus M√°t√©,,,:/home/mate:/bin/bash
nemecseke@ubuntu-01:/root$ getent group
root:x:0:
daemon:x:1:
bin:x:2:
sys:x:3:
adm:x:4:
tty:x:5:
disk:x:6:
lp:x:7:
mail:x:8:
news:x:9:
uucp:x:10:
man:x:12:
proxy:x:13:
kmem:x:15:
dialout:x:20:
fax:x:21:
voice:x:22:
cdrom:x:24:
floppy:x:25:
tape:x:26:
sudo:x:27:
audio:x:29:
dip:x:30:
www-data:x:33:
backup:x:34:
operator:x:37:
list:x:38:
irc:x:39:
src:x:40:
gnats:x:41:
shadow:x:42:
utmp:x:43:
video:x:44:
sasl:x:45:
plugdev:x:46:
staff:x:50:
games:x:60:
users:x:100:
nogroup:x:65534:
messagebus:x:101:
input:x:102:
sgx:x:103:
kvm:x:104:
render:x:105:
_ssh:x:106:
systemd-journal:x:107:
systemd-network:x:108:
systemd-resolve:x:109:
systemd-timesync:x:110:
nemecseke:x:1000:
teszteles:x:1001:mate
fejlesztes:x:1002:nemecseke
mate:x:1003:
nemecseke@ubuntu-01:/root$ sudo getent shadow
sudo: /usr/bin/sudo must be owned by uid 0 and have the setuid bit set
nemecseke@ubuntu-01:/root$ ls
ls: cannot open directory '.': Permission denied
nemecseke@ubuntu-01:/root$ cd ..
nemecseke@ubuntu-01:/$ ls
bin   dev  home  lib32  libx32      media  opt   root  sbin  sys  usr
boot  etc  lib   lib64  lost+found  mnt    proc  run   srv   tmp  var
nemecseke@ubuntu-01:/$ cd ..
nemecseke@ubuntu-01:/$ ls
bin   dev  home  lib32  libx32      media  opt   root  sbin  sys  usr
boot  etc  lib   lib64  lost+found  mnt    proc  run   srv   tmp  var
nemecseke@ubuntu-01:/$ cd root
bash: cd: root: Permission denied
nemecseke@ubuntu-01:/$ su root
Password: 
su: Authentication failure
nemecseke@ubuntu-01:/$ 
nemecseke@ubuntu-01:/$ su root
Password: 






su: Authentication failure
nemecseke@ubuntu-01:/$ 
nemecseke@ubuntu-01:/$ 
nemecseke@ubuntu-01:/$ 
nemecseke@ubuntu-01:/$ 
nemecseke@ubuntu-01:/$ 
nemecseke@ubuntu-01:/$ 
nemecseke@ubuntu-01:/$ su root
Password: 

su: Authentication failure
nemecseke@ubuntu-01:/$ 
nemecseke@ubuntu-01:/$ 